2026-05-31 07:59:13,434 | INFO | BẮT ĐẦU FULL RETRAIN - 2026-05-31 07:59:13
2026-05-31 07:59:13,434 | INFO |  Step 1: Syncing data from Firestore...
2026-05-31 07:59:13,435 | ERROR |  Firebase connection failed: [Errno 2] No such file or directory: 'firebase/service_account.json'
2026-05-31 07:59:13,435 | WARNING |  Firestore sync failed (using local data): [Errno 2] No such file or directory: 'firebase/service_account.json'
2026-05-31 07:59:13,435 | INFO |  Step 2: Training Content-based Model (TF-IDF)...
2026-05-31 07:59:13,436 | INFO |  Training Content-based model...
2026-05-31 07:59:14,844 | INFO |  Content model trained successfully with 9886 products
2026-05-31 07:59:14,878 | INFO |  Content model trained successfully
2026-05-31 07:59:14,880 | INFO |  Step 3: Training Collaborative Model (SVD)...
2026-05-31 07:59:14,880 | INFO |  Bắt đầu train SVD Model...
2026-05-31 07:59:14,932 | INFO | Users: 11684 | Items: 564 | Ratings: 26515
2026-05-31 07:59:15,286 | INFO | --- Fold 1/5 ---
2026-05-31 07:59:15,493 | INFO | Epoch  1/30 | Train RMSE: 3.0978 | Val RMSE: 4.4605
2026-05-31 07:59:16,338 | INFO | Epoch  6/30 | Train RMSE: 2.5776 | Val RMSE: 4.3706
2026-05-31 07:59:17,215 | INFO | Epoch 11/30 | Train RMSE: 1.9547 | Val RMSE: 4.2612
2026-05-31 07:59:18,078 | INFO | Epoch 16/30 | Train RMSE: 1.5005 | Val RMSE: 4.1794
2026-05-31 07:59:18,952 | INFO | Epoch 21/30 | Train RMSE: 1.1989 | Val RMSE: 4.1256
2026-05-31 07:59:19,798 | INFO | Epoch 26/30 | Train RMSE: 0.9908 | Val RMSE: 4.0915
2026-05-31 07:59:20,487 | INFO | Epoch 30/30 | Train RMSE: 0.8773 | Val RMSE: 4.0738
2026-05-31 07:59:20,487 | INFO | --- Fold 2/5 ---
2026-05-31 07:59:20,810 | INFO | Epoch  1/30 | Train RMSE: 3.9156 | Val RMSE: 3.6234
2026-05-31 07:59:22,341 | INFO | Epoch  6/30 | Train RMSE: 3.5512 | Val RMSE: 3.2162
2026-05-31 07:59:23,864 | INFO | Epoch 11/30 | Train RMSE: 2.7476 | Val RMSE: 2.5625
2026-05-31 07:59:25,393 | INFO | Epoch 16/30 | Train RMSE: 1.8516 | Val RMSE: 2.0036
2026-05-31 07:59:26,907 | INFO | Epoch 21/30 | Train RMSE: 1.2400 | Val RMSE: 1.6702
2026-05-31 07:59:28,426 | INFO | Epoch 26/30 | Train RMSE: 0.8845 | Val RMSE: 1.5095
2026-05-31 07:59:29,654 | INFO | Epoch 30/30 | Train RMSE: 0.7127 | Val RMSE: 1.4336
2026-05-31 07:59:29,654 | INFO | --- Fold 3/5 ---
2026-05-31 07:59:29,978 | INFO | Epoch  1/30 | Train RMSE: 3.9623 | Val RMSE: 3.0870
2026-05-31 07:59:31,574 | INFO | Epoch  6/30 | Train RMSE: 3.5877 | Val RMSE: 2.5016
2026-05-31 07:59:33,214 | INFO | Epoch 11/30 | Train RMSE: 2.6535 | Val RMSE: 1.6710
2026-05-31 07:59:34,810 | INFO | Epoch 16/30 | Train RMSE: 1.6959 | Val RMSE: 1.2606
2026-05-31 07:59:36,423 | INFO | Epoch 21/30 | Train RMSE: 1.1210 | Val RMSE: 1.1085
2026-05-31 07:59:38,021 | INFO | Epoch 26/30 | Train RMSE: 0.8096 | Val RMSE: 1.0382
2026-05-31 07:59:39,294 | INFO | Epoch 30/30 | Train RMSE: 0.6761 | Val RMSE: 1.0092
2026-05-31 07:59:39,294 | INFO | --- Fold 4/5 ---
2026-05-31 07:59:39,638 | INFO | Epoch  1/30 | Train RMSE: 3.9750 | Val RMSE: 2.7680
2026-05-31 07:59:41,265 | INFO | Epoch  6/30 | Train RMSE: 3.5603 | Val RMSE: 2.0466
2026-05-31 07:59:42,910 | INFO | Epoch 11/30 | Train RMSE: 2.5751 | Val RMSE: 1.2931
2026-05-31 07:59:44,546 | INFO | Epoch 16/30 | Train RMSE: 1.6603 | Val RMSE: 1.0741
2026-05-31 07:59:46,176 | INFO | Epoch 21/30 | Train RMSE: 1.1090 | Val RMSE: 0.9999
2026-05-31 07:59:47,792 | INFO | Epoch 26/30 | Train RMSE: 0.8003 | Val RMSE: 0.9546
2026-05-31 07:59:49,092 | INFO | Epoch 30/30 | Train RMSE: 0.6685 | Val RMSE: 0.9508
2026-05-31 07:59:49,092 | INFO | --- Fold 5/5 ---
2026-05-31 07:59:49,432 | INFO | Epoch  1/30 | Train RMSE: 3.9843 | Val RMSE: 2.5751
2026-05-31 07:59:51,088 | INFO | Epoch  6/30 | Train RMSE: 3.5601 | Val RMSE: 1.7955
2026-05-31 07:59:52,731 | INFO | Epoch 11/30 | Train RMSE: 2.5586 | Val RMSE: 1.1407
2026-05-31 07:59:54,374 | INFO | Epoch 16/30 | Train RMSE: 1.6488 | Val RMSE: 1.0398
2026-05-31 07:59:56,033 | INFO | Epoch 21/30 | Train RMSE: 1.1082 | Val RMSE: 0.9960
2026-05-31 07:59:57,680 | INFO | Epoch 26/30 | Train RMSE: 0.7930 | Val RMSE: 0.9374
2026-05-31 07:59:59,009 | INFO | Epoch 30/30 | Train RMSE: 0.6549 | Val RMSE: 0.9120
2026-05-31 07:59:59,021 | INFO |  SVD Model trained successfully! Best Val RMSE: 0.9120
2026-05-31 07:59:59,029 | INFO |  SVD model trained successfully
2026-05-31 07:59:59,029 | INFO |  Step 4: Uploading models to GitHub Release...
2026-05-31 07:59:59,029 | INFO |  Đang tạo GitHub Release với tag: v1.20260531_0759
2026-05-31 07:59:59,029 | INFO |  Checking: E:\multiproject\multiplatform\travil\recommend\backend\data\processed\products_clean.csv
2026-05-31 07:59:59,030 | INFO |  products_clean.csv | 4.32 MB
2026-05-31 07:59:59,030 | INFO |  Checking: E:\multiproject\multiplatform\travil\recommend\backend\data\processed\tfidf_vectorizer.pkl
2026-05-31 07:59:59,030 | INFO |  tfidf_vectorizer.pkl | 0.17 MB
2026-05-31 07:59:59,030 | INFO |  Checking: E:\multiproject\multiplatform\travil\recommend\backend\data\processed\cosine_sim.npy
2026-05-31 07:59:59,030 | INFO |  cosine_sim.npy | 188.56 MB
2026-05-31 07:59:59,030 | INFO |  Checking: E:\multiproject\multiplatform\travil\recommend\backend\ml\model\svd_model.pkl
2026-05-31 07:59:59,031 | INFO |  svd_model.pkl | 1.79 MB
2026-05-31 07:59:59,342 | INFO |  Đang upload models lên GitHub Release...
2026-05-31 07:59:59,342 | INFO |  Working dir: E:\multiproject\multiplatform\travil
2026-05-31 08:02:45,032 | INFO |  Upload thành công!
2026-05-31 08:02:45,032 | INFO | https://github.com/hangngt/travil/releases/tag/v1.20260531_0759
2026-05-31 08:02:45,032 | INFO |  Successfully created GitHub Release: v1.20260531_0759
2026-05-31 08:02:45,032 | INFO |  FULL RETRAIN HOÀN TẤT!
2026-05-31 08:02:45,032 | INFO |    Thời gian: 3.5 phút
2026-05-31 08:02:45,032 | INFO |    Hoàn thành lúc: 2026-05-31 08:02:45
2026-05-31 08:21:06,298 | INFO | BẮT ĐẦU FULL RETRAIN - 2026-05-31 08:21:06
2026-05-31 08:21:06,298 | INFO |  Step 1: Syncing data from Firestore...
2026-05-31 08:21:06,298 | ERROR |  Firebase connection failed: [Errno 2] No such file or directory: 'firebase/service_account.json'
2026-05-31 08:21:06,298 | WARNING |  Firestore sync failed (using local data): [Errno 2] No such file or directory: 'firebase/service_account.json'
2026-05-31 08:21:06,298 | INFO |  Step 2: Training Content-based Model (TF-IDF)...
2026-05-31 08:21:06,298 | INFO |  Training Content-based model...
2026-05-31 08:21:07,381 | INFO |  Content model trained successfully with 9886 products
2026-05-31 08:21:07,404 | INFO |  Content model trained successfully
2026-05-31 08:21:07,404 | INFO |  Step 3: Training Collaborative Model (SVD)...
2026-05-31 08:21:07,404 | INFO |  Bắt đầu train SVD Model...
2026-05-31 08:21:07,469 | INFO | Users: 11684 | Items: 564 | Ratings: 26515
2026-05-31 08:21:07,875 | INFO | --- Fold 1/5 ---
2026-05-31 08:21:08,066 | INFO | Epoch  1/30 | Train RMSE: 3.0978 | Val RMSE: 4.4605
2026-05-31 08:21:08,911 | INFO | Epoch  6/30 | Train RMSE: 2.5776 | Val RMSE: 4.3706
2026-05-31 08:21:09,771 | INFO | Epoch 11/30 | Train RMSE: 1.9547 | Val RMSE: 4.2612
2026-05-31 08:21:10,644 | INFO | Epoch 16/30 | Train RMSE: 1.5005 | Val RMSE: 4.1794
2026-05-31 08:21:11,495 | INFO | Epoch 21/30 | Train RMSE: 1.1989 | Val RMSE: 4.1256
2026-05-31 08:21:12,376 | INFO | Epoch 26/30 | Train RMSE: 0.9908 | Val RMSE: 4.0915
2026-05-31 08:21:13,078 | INFO | Epoch 30/30 | Train RMSE: 0.8773 | Val RMSE: 4.0738
2026-05-31 08:21:13,078 | INFO | --- Fold 2/5 ---
2026-05-31 08:21:13,394 | INFO | Epoch  1/30 | Train RMSE: 3.9156 | Val RMSE: 3.6234
2026-05-31 08:21:14,928 | INFO | Epoch  6/30 | Train RMSE: 3.5512 | Val RMSE: 3.2162
2026-05-31 08:21:16,451 | INFO | Epoch 11/30 | Train RMSE: 2.7476 | Val RMSE: 2.5625
2026-05-31 08:21:17,972 | INFO | Epoch 16/30 | Train RMSE: 1.8516 | Val RMSE: 2.0036
2026-05-31 08:21:19,515 | INFO | Epoch 21/30 | Train RMSE: 1.2400 | Val RMSE: 1.6702
2026-05-31 08:21:21,045 | INFO | Epoch 26/30 | Train RMSE: 0.8845 | Val RMSE: 1.5095
2026-05-31 08:21:22,274 | INFO | Epoch 30/30 | Train RMSE: 0.7127 | Val RMSE: 1.4336
2026-05-31 08:21:22,300 | INFO | --- Fold 3/5 ---
2026-05-31 08:21:22,619 | INFO | Epoch  1/30 | Train RMSE: 3.9623 | Val RMSE: 3.0870
2026-05-31 08:21:24,267 | INFO | Epoch  6/30 | Train RMSE: 3.5877 | Val RMSE: 2.5016
2026-05-31 08:21:25,918 | INFO | Epoch 11/30 | Train RMSE: 2.6535 | Val RMSE: 1.6710
2026-05-31 08:21:27,564 | INFO | Epoch 16/30 | Train RMSE: 1.6959 | Val RMSE: 1.2606
2026-05-31 08:21:29,162 | INFO | Epoch 21/30 | Train RMSE: 1.1210 | Val RMSE: 1.1085
2026-05-31 08:21:30,779 | INFO | Epoch 26/30 | Train RMSE: 0.8096 | Val RMSE: 1.0382
2026-05-31 08:21:32,074 | INFO | Epoch 30/30 | Train RMSE: 0.6761 | Val RMSE: 1.0092
2026-05-31 08:21:32,074 | INFO | --- Fold 4/5 ---
2026-05-31 08:21:32,401 | INFO | Epoch  1/30 | Train RMSE: 3.9750 | Val RMSE: 2.7680
2026-05-31 08:21:34,039 | INFO | Epoch  6/30 | Train RMSE: 3.5603 | Val RMSE: 2.0466
2026-05-31 08:21:35,673 | INFO | Epoch 11/30 | Train RMSE: 2.5751 | Val RMSE: 1.2931
2026-05-31 08:21:37,303 | INFO | Epoch 16/30 | Train RMSE: 1.6603 | Val RMSE: 1.0741
2026-05-31 08:21:38,940 | INFO | Epoch 21/30 | Train RMSE: 1.1090 | Val RMSE: 0.9999
2026-05-31 08:21:40,568 | INFO | Epoch 26/30 | Train RMSE: 0.8003 | Val RMSE: 0.9546
2026-05-31 08:21:41,890 | INFO | Epoch 30/30 | Train RMSE: 0.6685 | Val RMSE: 0.9508
2026-05-31 08:21:41,890 | INFO | --- Fold 5/5 ---
2026-05-31 08:21:42,223 | INFO | Epoch  1/30 | Train RMSE: 3.9843 | Val RMSE: 2.5751
2026-05-31 08:21:43,899 | INFO | Epoch  6/30 | Train RMSE: 3.5601 | Val RMSE: 1.7955
2026-05-31 08:21:45,549 | INFO | Epoch 11/30 | Train RMSE: 2.5586 | Val RMSE: 1.1407
2026-05-31 08:21:47,204 | INFO | Epoch 16/30 | Train RMSE: 1.6488 | Val RMSE: 1.0398
2026-05-31 08:21:48,857 | INFO | Epoch 21/30 | Train RMSE: 1.1082 | Val RMSE: 0.9960
2026-05-31 08:21:50,513 | INFO | Epoch 26/30 | Train RMSE: 0.7930 | Val RMSE: 0.9374
2026-05-31 08:21:51,822 | INFO | Epoch 30/30 | Train RMSE: 0.6549 | Val RMSE: 0.9120
2026-05-31 08:21:51,847 | INFO |  SVD Model trained successfully! Best Val RMSE: 0.9120
2026-05-31 08:21:51,847 | INFO |  SVD model trained successfully
2026-05-31 08:21:51,854 | INFO |  Step 4: Uploading models to GitHub Release...
2026-05-31 08:21:51,854 | INFO |  Đang tạo GitHub Release với tag: v1.20260531_0821
2026-05-31 08:21:51,855 | INFO |  Checking: E:\multiproject\multiplatform\travil\recommend\backend\data\processed\products_clean.csv
2026-05-31 08:21:51,855 | INFO |  products_clean.csv | 4.32 MB
2026-05-31 08:21:51,855 | INFO |  Checking: E:\multiproject\multiplatform\travil\recommend\backend\data\processed\tfidf_vectorizer.pkl
2026-05-31 08:21:51,855 | INFO |  tfidf_vectorizer.pkl | 0.17 MB
2026-05-31 08:21:51,856 | INFO |  Checking: E:\multiproject\multiplatform\travil\recommend\backend\data\processed\cosine_sim.npy
2026-05-31 08:21:51,856 | INFO |  cosine_sim.npy | 188.56 MB
2026-05-31 08:21:51,856 | INFO |  Checking: E:\multiproject\multiplatform\travil\recommend\backend\ml\model\svd_model.pkl
2026-05-31 08:21:51,856 | INFO |  svd_model.pkl | 1.79 MB
2026-05-31 08:21:52,109 | INFO |  Đang upload models lên GitHub Release...
2026-05-31 08:21:52,109 | INFO |  Working dir: E:\multiproject\multiplatform\travil
2026-05-31 08:22:50,481 | INFO |  Upload thành công!
2026-05-31 08:22:50,481 | INFO | https://github.com/hangngt/travil/releases/tag/v1.20260531_0821
2026-05-31 08:22:50,482 | INFO |  Successfully created GitHub Release: v1.20260531_0821
2026-05-31 08:22:50,482 | INFO |  FULL RETRAIN HOÀN TẤT!
2026-05-31 08:22:50,482 | INFO |    Thời gian: 1.7 phút
2026-05-31 08:22:50,482 | INFO |    Hoàn thành lúc: 2026-05-31 08:22:50
2026-05-31 08:41:56,931 | INFO | BẮT ĐẦU FULL RETRAIN - 2026-05-31 08:41:56
2026-05-31 08:41:56,937 | INFO |  Step 1: Syncing data from Firestore...
2026-05-31 08:41:56,938 | ERROR |  Firebase connection failed: [Errno 2] No such file or directory: 'firebase/service_account.json'
2026-05-31 08:41:56,938 | WARNING |  Firestore sync failed (using local data): [Errno 2] No such file or directory: 'firebase/service_account.json'
2026-05-31 08:41:56,938 | INFO |  Step 2: Training Content-based Model (TF-IDF)...
2026-05-31 08:41:56,938 | INFO |  Training Content-based model...
2026-05-31 08:41:58,332 | INFO |  Content model trained successfully with 9886 products
2026-05-31 08:41:58,361 | INFO |  Content model trained successfully
2026-05-31 08:41:58,361 | INFO |  Step 3: Training Collaborative Model (SVD)...
2026-05-31 08:41:58,361 | INFO |  Bắt đầu train SVD Model...
2026-05-31 08:41:58,462 | INFO | Users: 11684 | Items: 564 | Ratings: 26515
2026-05-31 08:41:58,887 | INFO | --- Fold 1/5 ---
2026-05-31 08:41:59,089 | INFO | Epoch  1/30 | Train RMSE: 3.0978 | Val RMSE: 4.4605
2026-05-31 08:42:00,036 | INFO | Epoch  6/30 | Train RMSE: 2.5776 | Val RMSE: 4.3706
2026-05-31 08:42:00,982 | INFO | Epoch 11/30 | Train RMSE: 1.9547 | Val RMSE: 4.2612
2026-05-31 08:42:01,883 | INFO | Epoch 16/30 | Train RMSE: 1.5005 | Val RMSE: 4.1794
2026-05-31 08:42:02,778 | INFO | Epoch 21/30 | Train RMSE: 1.1989 | Val RMSE: 4.1256
2026-05-31 08:42:03,695 | INFO | Epoch 26/30 | Train RMSE: 0.9908 | Val RMSE: 4.0915
2026-05-31 08:42:04,445 | INFO | Epoch 30/30 | Train RMSE: 0.8773 | Val RMSE: 4.0738
2026-05-31 08:42:04,445 | INFO | --- Fold 2/5 ---
2026-05-31 08:42:04,783 | INFO | Epoch  1/30 | Train RMSE: 3.9156 | Val RMSE: 3.6234
2026-05-31 08:42:06,392 | INFO | Epoch  6/30 | Train RMSE: 3.5512 | Val RMSE: 3.2162
2026-05-31 08:42:07,968 | INFO | Epoch 11/30 | Train RMSE: 2.7476 | Val RMSE: 2.5625
2026-05-31 08:42:09,752 | INFO | Epoch 16/30 | Train RMSE: 1.8516 | Val RMSE: 2.0036
2026-05-31 08:42:11,346 | INFO | Epoch 21/30 | Train RMSE: 1.2400 | Val RMSE: 1.6702
2026-05-31 08:42:12,974 | INFO | Epoch 26/30 | Train RMSE: 0.8845 | Val RMSE: 1.5095
2026-05-31 08:42:14,363 | INFO | Epoch 30/30 | Train RMSE: 0.7127 | Val RMSE: 1.4336
2026-05-31 08:42:14,364 | INFO | --- Fold 3/5 ---
2026-05-31 08:42:14,723 | INFO | Epoch  1/30 | Train RMSE: 3.9623 | Val RMSE: 3.0870
2026-05-31 08:42:16,509 | INFO | Epoch  6/30 | Train RMSE: 3.5877 | Val RMSE: 2.5016
2026-05-31 08:42:18,281 | INFO | Epoch 11/30 | Train RMSE: 2.6535 | Val RMSE: 1.6710
2026-05-31 08:42:20,024 | INFO | Epoch 16/30 | Train RMSE: 1.6959 | Val RMSE: 1.2606
2026-05-31 08:42:21,679 | INFO | Epoch 21/30 | Train RMSE: 1.1210 | Val RMSE: 1.1085
2026-05-31 08:42:23,439 | INFO | Epoch 26/30 | Train RMSE: 0.8096 | Val RMSE: 1.0382
2026-05-31 08:42:24,794 | INFO | Epoch 30/30 | Train RMSE: 0.6761 | Val RMSE: 1.0092
2026-05-31 08:42:24,794 | INFO | --- Fold 4/5 ---
2026-05-31 08:42:25,137 | INFO | Epoch  1/30 | Train RMSE: 3.9750 | Val RMSE: 2.7680
2026-05-31 08:42:26,989 | INFO | Epoch  6/30 | Train RMSE: 3.5603 | Val RMSE: 2.0466
2026-05-31 08:42:28,669 | INFO | Epoch 11/30 | Train RMSE: 2.5751 | Val RMSE: 1.2931
2026-05-31 08:42:30,327 | INFO | Epoch 16/30 | Train RMSE: 1.6603 | Val RMSE: 1.0741
2026-05-31 08:42:32,039 | INFO | Epoch 21/30 | Train RMSE: 1.1090 | Val RMSE: 0.9999
2026-05-31 08:42:33,679 | INFO | Epoch 26/30 | Train RMSE: 0.8003 | Val RMSE: 0.9546
2026-05-31 08:42:35,028 | INFO | Epoch 30/30 | Train RMSE: 0.6685 | Val RMSE: 0.9508
2026-05-31 08:42:35,029 | INFO | --- Fold 5/5 ---
2026-05-31 08:42:35,382 | INFO | Epoch  1/30 | Train RMSE: 3.9843 | Val RMSE: 2.5751
2026-05-31 08:42:37,056 | INFO | Epoch  6/30 | Train RMSE: 3.5601 | Val RMSE: 1.7955
2026-05-31 08:42:38,781 | INFO | Epoch 11/30 | Train RMSE: 2.5586 | Val RMSE: 1.1407
2026-05-31 08:42:40,556 | INFO | Epoch 16/30 | Train RMSE: 1.6488 | Val RMSE: 1.0398
2026-05-31 08:42:42,276 | INFO | Epoch 21/30 | Train RMSE: 1.1082 | Val RMSE: 0.9960
2026-05-31 08:42:44,097 | INFO | Epoch 26/30 | Train RMSE: 0.7930 | Val RMSE: 0.9374
2026-05-31 08:42:45,569 | INFO | Epoch 30/30 | Train RMSE: 0.6549 | Val RMSE: 0.9120
2026-05-31 08:42:45,584 | INFO |  SVD Model trained successfully! Best Val RMSE: 0.9120
2026-05-31 08:42:45,586 | INFO |  SVD model trained successfully
2026-05-31 08:42:45,586 | INFO |  Step 4: Uploading models to GitHub Release...
2026-05-31 08:42:45,587 | INFO |  Đang tạo GitHub Release với tag: v1.20260531_0842
2026-05-31 08:42:45,587 | INFO |  Checking: E:\multiproject\multiplatform\travil\recommend\backend\data\processed\products_clean.csv
2026-05-31 08:42:45,587 | INFO |  products_clean.csv | 4.32 MB
2026-05-31 08:42:45,588 | INFO |  Checking: E:\multiproject\multiplatform\travil\recommend\backend\data\processed\tfidf_vectorizer.pkl
2026-05-31 08:42:45,588 | INFO |  tfidf_vectorizer.pkl | 0.00 MB
2026-05-31 08:42:45,589 | INFO |  Checking: E:\multiproject\multiplatform\travil\recommend\backend\data\processed\cosine_sim.npy
2026-05-31 08:42:45,589 | INFO |  cosine_sim.npy | 188.56 MB
2026-05-31 08:42:45,589 | INFO |  Checking: E:\multiproject\multiplatform\travil\recommend\backend\ml\model\svd_model.pkl
2026-05-31 08:42:45,590 | INFO |  svd_model.pkl | 1.79 MB
2026-05-31 08:42:45,922 | INFO |  Đang upload models lên GitHub Release...
2026-05-31 08:42:45,922 | INFO |  Working dir: E:\multiproject\multiplatform\travil
2026-05-31 08:42:48,388 | ERROR |  GitHub Release failed
2026-05-31 08:42:48,388 | ERROR | HTTP 400: Bad Content-Length (https://uploads.github.com/repos/hangngt/travil/releases/332044392/assets?label=&name=tfidf_vectorizer.pkl)

2026-05-31 08:42:48,388 | WARNING |  Failed to push to GitHub Release
2026-05-31 08:42:48,388 | INFO |  FULL RETRAIN HOÀN TẤT!
2026-05-31 08:42:48,388 | INFO |    Thời gian: 0.9 phút
2026-05-31 08:42:48,388 | INFO |    Hoàn thành lúc: 2026-05-31 08:42:48
